[33mΓ¥»[39m Building...
[32mΓ£ö[39m Building...
Application bundle generation failed. [7.933 seconds] - 2026-02-24T06:46:41.161Z

node.exe : [1m[31m[31mX [
41;31m[[41;97mERROR[41;31m]
[0m [1mTS2339: Property 
'searchProducts' does not 
exist on type 
'ProductService'.[0m 
[1m[35m[plugin 
angular-compiler][0m
At C:\Users\sasik\AppData\Roa
ming\npm\ng.ps1:24 char:5
+     & "node$exe"  "$basedir
/node_modules/@angular/cli/bi
n/ng.js" $arg ...
+     ~~~~~~~~~~~~~~~~~~~~~~~
~~~~~~~~~~~~~~~~~~~~~~~~~~~~~
~~~~~~~~~~~~~
    + CategoryInfo           
   : NotSpecified: ([1m[3  
  1m[31mX...r-compiler][   
 0m:String) [], RemoteExc    
eption
    + FullyQualifiedErrorId  
   : NativeCommandError
 

    src/app/components/navbar
/navbar.ts:131:24:
[37m      131 Γöé     this.p
roductService.[32msearchProd
ucts[37m(this.searchTerm).su
bscribe...
          Γò╡                
         
[32m~~~~~~~~~~~~~~[0m


[31mX [41;31m[[41;97mERROR
[41;31m][0m [1mTS7006: 
Parameter 'results' 
implicitly has an 'any' 
type.[0m [1m[35m[plugin 
angular-compiler][0m

    src/app/components/navbar
/navbar.ts:131:66:
[37m      131 Γöé ...uctServ
ice.searchProducts(this.searc
hTerm).subscribe([32mresults
[37m => {
          Γò╡                
                             
            [32m~~~~~~~[0m


[31mX [41;31m[[41;97mERROR
[41;31m][0m [1mTS2488: 
Type '{}' must have a 
'[Symbol.iterator]()' method 
that returns an 
iterator.[0m 
[1m[35m[plugin 
angular-compiler][0m

    src/app/pages/home/home.h
tml:231:45:
[37m      231 Γöé ...  @for 
(product of 
featuredProducts$ | 
[32masync[37m; track 
product.id) {
          Γò╡                
                           
[32m~~~~~[0m

  Error occurs in the 
template of component Home.

    src/app/pages/home/home.t
s:12:15:
[37m      12 Γöé   
templateUrl: 
[32m'./home.html'[37m,
         Γò╡                
[32m~~~~~~~~~~~~~[0m


[31mX [41;31m[[41;97mERROR
[41;31m][0m [1mTS2339: 
Property 
'getFeaturedProducts' does 
not exist on type 
'ProductService'.[0m 
[1m[35m[plugin 
angular-compiler][0m

    src/app/pages/home/home.t
s:18:42:
[37m      18 Γöé   
featuredProducts$ = this.prod
uctService.[32mgetFeaturedPr
oducts[37m();
         Γò╡                 
                          
[32m~~~~~~~~~~~~~~~~~~~[0m


[31mX [41;31m[[41;97mERROR
[41;31m][0m [1mTS2339: 
Property 'addReview' does 
not exist on type 
'ProductService'.[0m 
[1m[35m[plugin 
angular-compiler][0m

    src/app/pages/product-det
ail/product-detail.ts:116:26:
[37m      116 Γöé       this
.productService.[32maddRevie
w[37m(product.id, 
newReview);
          Γò╡                
           [32m~~~~~~~~~[0m

[39m[22m
